nohup: ignoring input
+ cd /home/fedro/qse-publication-20260822
+ export PYTHONHASHSEED=0
+ PYTHONHASHSEED=0
+ export CUBLAS_WORKSPACE_CONFIG=:4096:8
+ CUBLAS_WORKSPACE_CONFIG=:4096:8
+ uv run --frozen python -m src.preprocess_grid_to_dataset --dataset la_gloria
• Output dataset 'la_gloria' -> /home/fedro/qse-publication-20260822/data/la_gloria.csv
• Reading grid: /home/fedro/qse-publication-20260822/data/Gridvaluesraw.csv
• Computing drio and Zdrio...
• Building grid index...
• Grid spacing ~ 10 m; RGB L∞ radius=5.0 m
• Offsets: x_offset=0.47, y_offset=0.25, key_precision=4
• Reading RGB tiles...
• Value columns: R='R2', G='G2', B='B2'
• Assigning subpixels to grid cells...
[R] WARNING: 13625 subpixels outside radius=5.0 m, 66000 mapped to non-existing centers.
[G] WARNING: 13625 subpixels outside radius=5.0 m, 66000 mapped to non-existing centers.
[B] WARNING: 13625 subpixels outside radius=5.0 m, 66000 mapped to non-existing centers.
• Attaching RGB columns...

[RGB] OK: all 2890 cells share one explicit 25-position layout.
• Writing dataset CSV: /home/fedro/qse-publication-20260822/data/la_gloria.csv
• Writing subcell layout: /home/fedro/qse-publication-20260822/outputs/la_gloria/subcell_layout.csv
• Done.
+ uv run --frozen python -m src.prepare --dataset la_gloria --grey-subcells
• Reading /home/fedro/qse-publication-20260822/data/la_gloria.csv
• Computing Grey from 25 RGB triplets (gamma=3.0)
• Smoothing NUMPOINTS on 636 training cells
• NUMPOINTS_SMOOTH (raw): min=3.285273e-24, max=1.100097e+00
• NUMPOINTS_SMOOTH (quantized): min=3.285273e-24, max=1.100097e+00
• Saving /home/fedro/qse-publication-20260822/outputs/la_gloria/prepared.csv
• Done.
+ uv run --frozen python -m src.train_driver --dataset la_gloria --seed 0 --cuda
• Device: cuda
• Training samples: 636
• Epoch 1/100000 | SE=5.985358e+05 | NRMSE=1.167382e-01
• Epoch 5000/100000 | SE=5.606342e+05 | NRMSE=1.129816e-01
• Epoch 10000/100000 | SE=5.606342e+05 | NRMSE=1.129816e-01
• Epoch 15000/100000 | SE=4.651049e+05 | NRMSE=1.029067e-01
• Epoch 20000/100000 | SE=3.654093e+05 | NRMSE=9.121322e-02
• Epoch 25000/100000 | SE=2.872757e+05 | NRMSE=8.087559e-02
• Epoch 30000/100000 | SE=2.614631e+05 | NRMSE=7.715662e-02
• Epoch 35000/100000 | SE=2.566022e+05 | NRMSE=7.643604e-02
• Epoch 40000/100000 | SE=2.564915e+05 | NRMSE=7.641954e-02
• Epoch 45000/100000 | SE=2.564914e+05 | NRMSE=7.641953e-02
• Epoch 50000/100000 | SE=2.564914e+05 | NRMSE=7.641953e-02
• Epoch 55000/100000 | SE=2.564914e+05 | NRMSE=7.641953e-02
• Epoch 60000/100000 | SE=2.564914e+05 | NRMSE=7.641953e-02
• Epoch 65000/100000 | SE=2.564914e+05 | NRMSE=7.641953e-02
• Epoch 70000/100000 | SE=2.564914e+05 | NRMSE=7.641953e-02
• Epoch 75000/100000 | SE=2.564914e+05 | NRMSE=7.641952e-02
• Epoch 80000/100000 | SE=2.564914e+05 | NRMSE=7.641953e-02
• Epoch 85000/100000 | SE=2.564914e+05 | NRMSE=7.641953e-02
• Epoch 90000/100000 | SE=2.564914e+05 | NRMSE=7.641953e-02
• Epoch 95000/100000 | SE=2.564914e+05 | NRMSE=7.641953e-02
• Epoch 100000/100000 | SE=2.564914e+05 | NRMSE=7.641953e-02
• Saved model: /home/fedro/qse-publication-20260822/outputs/la_gloria/model_driver.pt
• Saved training predictions: /home/fedro/qse-publication-20260822/outputs/la_gloria/train_driver_predictions.csv
• Saved metrics: /home/fedro/qse-publication-20260822/outputs/la_gloria/train_driver_metrics.csv
• V_target range: [0.000e+00, 2.628e+02] | V_pred range: [4.924e-01, 6.909e+01]
+ uv run --frozen python -m src.train_grey --dataset la_gloria --seed 0 --cuda --mod-poly 2 --a 0.0 --b 2.0 --d0 30 --k 0.5 --epochs 100000 --lr0-inv 50 --step-size 0.5 --log-every 2500
• Device: cuda
• Training samples: 636
• Near-river mask: 330/636 samples
• Epoch 1/100000 | NRMSE(d<=d0)=9.721778e-02 | NRMSE(all)=7.641972e-02
• Epoch 2500/100000 | NRMSE(d<=d0)=4.666610e-02 | NRMSE(all)=7.638825e-02
• Epoch 5000/100000 | NRMSE(d<=d0)=4.496172e-02 | NRMSE(all)=7.638739e-02
• Epoch 7500/100000 | NRMSE(d<=d0)=4.413320e-02 | NRMSE(all)=7.638691e-02
• Epoch 10000/100000 | NRMSE(d<=d0)=4.360246e-02 | NRMSE(all)=7.638665e-02
• Epoch 12500/100000 | NRMSE(d<=d0)=4.341421e-02 | NRMSE(all)=7.638655e-02
• Epoch 15000/100000 | NRMSE(d<=d0)=4.333392e-02 | NRMSE(all)=7.638649e-02
• Epoch 17500/100000 | NRMSE(d<=d0)=4.329840e-02 | NRMSE(all)=7.638645e-02
• Epoch 20000/100000 | NRMSE(d<=d0)=4.326955e-02 | NRMSE(all)=7.638642e-02
• Epoch 22500/100000 | NRMSE(d<=d0)=4.324406e-02 | NRMSE(all)=7.638640e-02
• Epoch 25000/100000 | NRMSE(d<=d0)=4.321883e-02 | NRMSE(all)=7.638638e-02
• Epoch 27500/100000 | NRMSE(d<=d0)=4.319982e-02 | NRMSE(all)=7.638637e-02
• Epoch 30000/100000 | NRMSE(d<=d0)=4.317384e-02 | NRMSE(all)=7.638636e-02
• Epoch 32500/100000 | NRMSE(d<=d0)=4.315889e-02 | NRMSE(all)=7.638635e-02
• Epoch 35000/100000 | NRMSE(d<=d0)=4.315242e-02 | NRMSE(all)=7.638635e-02
• Epoch 37500/100000 | NRMSE(d<=d0)=4.314646e-02 | NRMSE(all)=7.638635e-02
• Epoch 40000/100000 | NRMSE(d<=d0)=4.314266e-02 | NRMSE(all)=7.638635e-02
• Epoch 42500/100000 | NRMSE(d<=d0)=4.313951e-02 | NRMSE(all)=7.638634e-02
• Epoch 45000/100000 | NRMSE(d<=d0)=4.313687e-02 | NRMSE(all)=7.638633e-02
• Epoch 47500/100000 | NRMSE(d<=d0)=4.313459e-02 | NRMSE(all)=7.638633e-02
• Epoch 50000/100000 | NRMSE(d<=d0)=4.313261e-02 | NRMSE(all)=7.638633e-02
• Epoch 52500/100000 | NRMSE(d<=d0)=4.313085e-02 | NRMSE(all)=7.638633e-02
• Epoch 55000/100000 | NRMSE(d<=d0)=4.313005e-02 | NRMSE(all)=7.638633e-02
• Epoch 57500/100000 | NRMSE(d<=d0)=4.312782e-02 | NRMSE(all)=7.638633e-02
• Epoch 60000/100000 | NRMSE(d<=d0)=4.312645e-02 | NRMSE(all)=7.638633e-02
• Epoch 62500/100000 | NRMSE(d<=d0)=4.312514e-02 | NRMSE(all)=7.638633e-02
• Epoch 65000/100000 | NRMSE(d<=d0)=4.312386e-02 | NRMSE(all)=7.638633e-02
• Epoch 67500/100000 | NRMSE(d<=d0)=4.312258e-02 | NRMSE(all)=7.638633e-02
• Epoch 70000/100000 | NRMSE(d<=d0)=4.312127e-02 | NRMSE(all)=7.638633e-02
• Epoch 72500/100000 | NRMSE(d<=d0)=4.311992e-02 | NRMSE(all)=7.638632e-02
• Epoch 75000/100000 | NRMSE(d<=d0)=4.311856e-02 | NRMSE(all)=7.638632e-02
• Epoch 77500/100000 | NRMSE(d<=d0)=4.311721e-02 | NRMSE(all)=7.638632e-02
• Epoch 80000/100000 | NRMSE(d<=d0)=4.312755e-02 | NRMSE(all)=7.638630e-02
• Epoch 82500/100000 | NRMSE(d<=d0)=4.312065e-02 | NRMSE(all)=7.638626e-02
• Epoch 85000/100000 | NRMSE(d<=d0)=4.311353e-02 | NRMSE(all)=7.638625e-02
• Epoch 87500/100000 | NRMSE(d<=d0)=4.310895e-02 | NRMSE(all)=7.638624e-02
• Epoch 90000/100000 | NRMSE(d<=d0)=4.310364e-02 | NRMSE(all)=7.638624e-02
• Epoch 92500/100000 | NRMSE(d<=d0)=4.309631e-02 | NRMSE(all)=7.638624e-02
• Epoch 95000/100000 | NRMSE(d<=d0)=4.308739e-02 | NRMSE(all)=7.638624e-02
• Epoch 97500/100000 | NRMSE(d<=d0)=4.308006e-02 | NRMSE(all)=7.638623e-02
• Epoch 100000/100000 | NRMSE(d<=d0)=4.307568e-02 | NRMSE(all)=7.638623e-02
• Saved model: /home/fedro/qse-publication-20260822/outputs/la_gloria/model_grey.pt
• Saved metrics: /home/fedro/qse-publication-20260822/outputs/la_gloria/train_grey_metrics.csv
• Saved training predictions: /home/fedro/qse-publication-20260822/outputs/la_gloria/train_grey_predictions.csv
+ uv run --frozen python -m src.neighborhoods --dataset la_gloria
• Loading /home/fedro/qse-publication-20260822/outputs/la_gloria/prepared.csv
• Building neighborhoods (half_size=60.0 m, drio~=0.0)
• Saving 314 neighborhoods -> /home/fedro/qse-publication-20260822/outputs/la_gloria/VecindadesLinf.pkl
• Done.
+ uv run --frozen python -m src.predict_driver_local --dataset la_gloria
• Device: cpu
• Loaded 314 neighborhoods
• Loaded driver: polynomial degree=5, hidden=[400, 500, 450]
• [1/314] Neighborhood N=55
•   ground state: lambda=8.180925e-01 | gap=1.227e-01 | res=8.734e-15 | relres=1.530e-16
• [2/314] Neighborhood N=50
• [3/314] Neighborhood N=87
• [4/314] Neighborhood N=88
• [5/314] Neighborhood N=83
• [6/314] Neighborhood N=77
• [7/314] Neighborhood N=71
• [8/314] Neighborhood N=65
• [9/314] Neighborhood N=82
• [10/314] Neighborhood N=85
• [11/314] Neighborhood N=87
• [12/314] Neighborhood N=88
• [13/314] Neighborhood N=89
• [14/314] Neighborhood N=91
• [15/314] Neighborhood N=93
• [16/314] Neighborhood N=94
• [17/314] Neighborhood N=95
• [18/314] Neighborhood N=96
• [19/314] Neighborhood N=98
• [20/314] Neighborhood N=70
• [21/314] Neighborhood N=78
• [22/314] Neighborhood N=85
• [23/314] Neighborhood N=91
• [24/314] Neighborhood N=74
• [25/314] Neighborhood N=83
•   ground state: lambda=6.842173e-01 | gap=9.521e-02 | res=1.460e-14 | relres=1.970e-16
• [26/314] Neighborhood N=77
• [27/314] Neighborhood N=87
• [28/314] Neighborhood N=79
• [29/314] Neighborhood N=90
• [30/314] Neighborhood N=92
• [31/314] Neighborhood N=94
• [32/314] Neighborhood N=105
• [33/314] Neighborhood N=95
• [34/314] Neighborhood N=107
• [35/314] Neighborhood N=94
• [36/314] Neighborhood N=106
• [37/314] Neighborhood N=93
• [38/314] Neighborhood N=105
• [39/314] Neighborhood N=91
• [40/314] Neighborhood N=104
• [41/314] Neighborhood N=89
• [42/314] Neighborhood N=102
• [43/314] Neighborhood N=87
• [44/314] Neighborhood N=100
• [45/314] Neighborhood N=84
• [46/314] Neighborhood N=97
• [47/314] Neighborhood N=81
• [48/314] Neighborhood N=94
• [49/314] Neighborhood N=77
• [50/314] Neighborhood N=90
•   ground state: lambda=7.287990e-01 | gap=5.158e-02 | res=1.174e-14 | relres=1.560e-16
• [51/314] Neighborhood N=86
• [52/314] Neighborhood N=81
• [53/314] Neighborhood N=94
• [54/314] Neighborhood N=89
• [55/314] Neighborhood N=96
• [56/314] Neighborhood N=90
• [57/314] Neighborhood N=96
• [58/314] Neighborhood N=88
• [59/314] Neighborhood N=101
• [60/314] Neighborhood N=94
• [61/314] Neighborhood N=86
• [62/314] Neighborhood N=99
• [63/314] Neighborhood N=91
• [64/314] Neighborhood N=83
• [65/314] Neighborhood N=96
• [66/314] Neighborhood N=86
• [67/314] Neighborhood N=89
• [68/314] Neighborhood N=78
• [69/314] Neighborhood N=91
• [70/314] Neighborhood N=80
• [71/314] Neighborhood N=81
• [72/314] Neighborhood N=82
• [73/314] Neighborhood N=95
• [74/314] Neighborhood N=95
• [75/314] Neighborhood N=95
•   ground state: lambda=7.671723e-01 | gap=7.791e-02 | res=7.039e-15 | relres=1.192e-16
• [76/314] Neighborhood N=95
• [77/314] Neighborhood N=95
• [78/314] Neighborhood N=95
• [79/314] Neighborhood N=95
• [80/314] Neighborhood N=95
• [81/314] Neighborhood N=168
• [82/314] Neighborhood N=162
• [83/314] Neighborhood N=97
• [84/314] Neighborhood N=169
• [85/314] Neighborhood N=169
• [86/314] Neighborhood N=169
• [87/314] Neighborhood N=164
• [88/314] Neighborhood N=157
• [89/314] Neighborhood N=99
• [90/314] Neighborhood N=169
• [91/314] Neighborhood N=159
• [92/314] Neighborhood N=90
• [93/314] Neighborhood N=169
• [94/314] Neighborhood N=169
• [95/314] Neighborhood N=169
• [96/314] Neighborhood N=169
• [97/314] Neighborhood N=169
• [98/314] Neighborhood N=169
• [99/314] Neighborhood N=169
• [100/314] Neighborhood N=169
•   ground state: lambda=7.457817e-01 | gap=2.108e-01 | res=1.007e-14 | relres=4.235e-16
• [101/314] Neighborhood N=169
• [102/314] Neighborhood N=166
• [103/314] Neighborhood N=161
• [104/314] Neighborhood N=95
• [105/314] Neighborhood N=169
• [106/314] Neighborhood N=169
• [107/314] Neighborhood N=169
• [108/314] Neighborhood N=169
• [109/314] Neighborhood N=169
• [110/314] Neighborhood N=169
• [111/314] Neighborhood N=169
• [112/314] Neighborhood N=169
• [113/314] Neighborhood N=167
• [114/314] Neighborhood N=101
• [115/314] Neighborhood N=169
• [116/314] Neighborhood N=169
• [117/314] Neighborhood N=169
• [118/314] Neighborhood N=169
• [119/314] Neighborhood N=169
• [120/314] Neighborhood N=169
• [121/314] Neighborhood N=168
• [122/314] Neighborhood N=107
• [123/314] Neighborhood N=169
• [124/314] Neighborhood N=100
• [125/314] Neighborhood N=169
•   ground state: lambda=8.186899e-01 | gap=8.621e-02 | res=1.097e-14 | relres=1.921e-16
• [126/314] Neighborhood N=169
• [127/314] Neighborhood N=169
• [128/314] Neighborhood N=169
• [129/314] Neighborhood N=169
• [130/314] Neighborhood N=169
• [131/314] Neighborhood N=169
• [132/314] Neighborhood N=107
• [133/314] Neighborhood N=163
• [134/314] Neighborhood N=168
• [135/314] Neighborhood N=169
• [136/314] Neighborhood N=169
• [137/314] Neighborhood N=169
• [138/314] Neighborhood N=169
• [139/314] Neighborhood N=169
• [140/314] Neighborhood N=169
• [141/314] Neighborhood N=169
• [142/314] Neighborhood N=169
• [143/314] Neighborhood N=169
• [144/314] Neighborhood N=91
• [145/314] Neighborhood N=103
• [146/314] Neighborhood N=115
• [147/314] Neighborhood N=165
• [148/314] Neighborhood N=169
• [149/314] Neighborhood N=169
• [150/314] Neighborhood N=169
•   ground state: lambda=8.887730e-01 | gap=6.079e-02 | res=2.110e-14 | relres=9.003e-16
• [151/314] Neighborhood N=169
• [152/314] Neighborhood N=169
• [153/314] Neighborhood N=88
• [154/314] Neighborhood N=100
• [155/314] Neighborhood N=161
• [156/314] Neighborhood N=166
• [157/314] Neighborhood N=169
• [158/314] Neighborhood N=169
• [159/314] Neighborhood N=169
• [160/314] Neighborhood N=169
• [161/314] Neighborhood N=169
• [162/314] Neighborhood N=169
• [163/314] Neighborhood N=169
• [164/314] Neighborhood N=86
• [165/314] Neighborhood N=98
• [166/314] Neighborhood N=154
• [167/314] Neighborhood N=159
• [168/314] Neighborhood N=163
• [169/314] Neighborhood N=97
• [170/314] Neighborhood N=150
• [171/314] Neighborhood N=154
• [172/314] Neighborhood N=108
• [173/314] Neighborhood N=145
• [174/314] Neighborhood N=150
• [175/314] Neighborhood N=117
•   ground state: lambda=7.414071e-01 | gap=1.069e-01 | res=4.583e-15 | relres=4.562e-16
• [176/314] Neighborhood N=125
• [177/314] Neighborhood N=140
• [178/314] Neighborhood N=144
• [179/314] Neighborhood N=125
• [180/314] Neighborhood N=131
• [181/314] Neighborhood N=135
• [182/314] Neighborhood N=138
• [183/314] Neighborhood N=140
• [184/314] Neighborhood N=129
• [185/314] Neighborhood N=124
• [186/314] Neighborhood N=128
• [187/314] Neighborhood N=130
• [188/314] Neighborhood N=108
• [189/314] Neighborhood N=104
• [190/314] Neighborhood N=100
• [191/314] Neighborhood N=98
• [192/314] Neighborhood N=97
• [193/314] Neighborhood N=97
• [194/314] Neighborhood N=99
• [195/314] Neighborhood N=103
• [196/314] Neighborhood N=109
• [197/314] Neighborhood N=115
• [198/314] Neighborhood N=85
• [199/314] Neighborhood N=95
• [200/314] Neighborhood N=102
•   ground state: lambda=7.726714e-01 | gap=7.686e-02 | res=5.120e-15 | relres=3.817e-16
• [201/314] Neighborhood N=109
• [202/314] Neighborhood N=115
• [203/314] Neighborhood N=120
• [204/314] Neighborhood N=124
• [205/314] Neighborhood N=127
• [206/314] Neighborhood N=105
• [207/314] Neighborhood N=100
• [208/314] Neighborhood N=95
• [209/314] Neighborhood N=103
• [210/314] Neighborhood N=110
• [211/314] Neighborhood N=117
• [212/314] Neighborhood N=86
• [213/314] Neighborhood N=97
• [214/314] Neighborhood N=104
• [215/314] Neighborhood N=98
• [216/314] Neighborhood N=92
• [217/314] Neighborhood N=104
• [218/314] Neighborhood N=111
• [219/314] Neighborhood N=75
• [220/314] Neighborhood N=86
• [221/314] Neighborhood N=100
• [222/314] Neighborhood N=92
• [223/314] Neighborhood N=104
• [224/314] Neighborhood N=111
• [225/314] Neighborhood N=107
•   ground state: lambda=7.551813e-01 | gap=8.131e-02 | res=1.661e-14 | relres=6.662e-16
• [226/314] Neighborhood N=103
• [227/314] Neighborhood N=100
• [228/314] Neighborhood N=97
• [229/314] Neighborhood N=95
• [230/314] Neighborhood N=93
• [231/314] Neighborhood N=93
• [232/314] Neighborhood N=93
• [233/314] Neighborhood N=95
• [234/314] Neighborhood N=97
• [235/314] Neighborhood N=100
• [236/314] Neighborhood N=103
• [237/314] Neighborhood N=106
• [238/314] Neighborhood N=109
• [239/314] Neighborhood N=74
• [240/314] Neighborhood N=85
• [241/314] Neighborhood N=107
• [242/314] Neighborhood N=98
• [243/314] Neighborhood N=88
• [244/314] Neighborhood N=91
• [245/314] Neighborhood N=102
• [246/314] Neighborhood N=98
• [247/314] Neighborhood N=96
• [248/314] Neighborhood N=100
• [249/314] Neighborhood N=80
• [250/314] Neighborhood N=109
•   ground state: lambda=6.875482e-01 | gap=1.061e-01 | res=4.079e-15 | relres=3.198e-16
• [251/314] Neighborhood N=102
• [252/314] Neighborhood N=94
• [253/314] Neighborhood N=78
• [254/314] Neighborhood N=84
• [255/314] Neighborhood N=96
• [256/314] Neighborhood N=93
• [257/314] Neighborhood N=89
• [258/314] Neighborhood N=91
• [259/314] Neighborhood N=95
• [260/314] Neighborhood N=69
• [261/314] Neighborhood N=80
• [262/314] Neighborhood N=105
• [263/314] Neighborhood N=97
• [264/314] Neighborhood N=71
• [265/314] Neighborhood N=76
• [266/314] Neighborhood N=85
• [267/314] Neighborhood N=85
• [268/314] Neighborhood N=83
• [269/314] Neighborhood N=82
• [270/314] Neighborhood N=86
• [271/314] Neighborhood N=90
• [272/314] Neighborhood N=93
• [273/314] Neighborhood N=96
• [274/314] Neighborhood N=59
• [275/314] Neighborhood N=51
•   ground state: lambda=7.457687e-01 | gap=1.603e-01 | res=7.669e-15 | relres=1.286e-16
• [276/314] Neighborhood N=43
• [277/314] Neighborhood N=69
• [278/314] Neighborhood N=99
• [279/314] Neighborhood N=92
• [280/314] Neighborhood N=63
• [281/314] Neighborhood N=67
• [282/314] Neighborhood N=70
• [283/314] Neighborhood N=83
• [284/314] Neighborhood N=85
• [285/314] Neighborhood N=87
• [286/314] Neighborhood N=84
• [287/314] Neighborhood N=79
• [288/314] Neighborhood N=73
• [289/314] Neighborhood N=67
• [290/314] Neighborhood N=60
• [291/314] Neighborhood N=53
• [292/314] Neighborhood N=67
• [293/314] Neighborhood N=86
• [294/314] Neighborhood N=55
• [295/314] Neighborhood N=63
• [296/314] Neighborhood N=104
• [297/314] Neighborhood N=99
• [298/314] Neighborhood N=93
• [299/314] Neighborhood N=87
• [300/314] Neighborhood N=80
•   ground state: lambda=6.918536e-01 | gap=4.715e-02 | res=7.440e-15 | relres=5.600e-16
• [301/314] Neighborhood N=73
• [302/314] Neighborhood N=50
• [303/314] Neighborhood N=57
• [304/314] Neighborhood N=91
• [305/314] Neighborhood N=95
• [306/314] Neighborhood N=91
• [307/314] Neighborhood N=74
• [308/314] Neighborhood N=67
• [309/314] Neighborhood N=50
• [310/314] Neighborhood N=56
• [311/314] Neighborhood N=62
• [312/314] Neighborhood N=67
• [313/314] Neighborhood N=73
• [314/314] Neighborhood N=79
• Population calibration scale=4.453990e+02
• Saved ground-state metrics: /home/fedro/qse-publication-20260822/outputs/la_gloria/ground_state_metrics_driver.csv
• Saved: /home/fedro/qse-publication-20260822/outputs/la_gloria/pred_driver_localavg.csv
+ uv run --frozen python -m src.predict_gray_local --dataset la_gloria
• Device: cpu
• Loaded 314 neighborhoods
• Loaded driver: polynomial degree=5, hidden=[400, 500, 450]
• Loaded grey model: polynomial degree=2, hidden=[300, 400, 650], a=0.0, b=2.0
• Distance gate: d0=30.0 m, k=0.5 1/m -> normalized d0=0.13043478, k=115.00000000
• [1/314] Neighborhood N=55
•   ground state: lambda=6.120517e-01 | gap=1.275e-01 | res=1.881e-15 | relres=3.306e-17
• [2/314] Neighborhood N=50
• [3/314] Neighborhood N=87
• [4/314] Neighborhood N=88
• [5/314] Neighborhood N=83
• [6/314] Neighborhood N=77
• [7/314] Neighborhood N=71
• [8/314] Neighborhood N=65
• [9/314] Neighborhood N=82
• [10/314] Neighborhood N=85
• [11/314] Neighborhood N=87
• [12/314] Neighborhood N=88
• [13/314] Neighborhood N=89
• [14/314] Neighborhood N=91
• [15/314] Neighborhood N=93
• [16/314] Neighborhood N=94
• [17/314] Neighborhood N=95
• [18/314] Neighborhood N=96
• [19/314] Neighborhood N=98
• [20/314] Neighborhood N=70
• [21/314] Neighborhood N=78
• [22/314] Neighborhood N=85
• [23/314] Neighborhood N=91
• [24/314] Neighborhood N=74
• [25/314] Neighborhood N=83
•   ground state: lambda=5.934755e-01 | gap=1.179e-01 | res=1.741e-14 | relres=2.352e-16
• [26/314] Neighborhood N=77
• [27/314] Neighborhood N=87
• [28/314] Neighborhood N=79
• [29/314] Neighborhood N=90
• [30/314] Neighborhood N=92
• [31/314] Neighborhood N=94
• [32/314] Neighborhood N=105
• [33/314] Neighborhood N=95
• [34/314] Neighborhood N=107
• [35/314] Neighborhood N=94
• [36/314] Neighborhood N=106
• [37/314] Neighborhood N=93
• [38/314] Neighborhood N=105
• [39/314] Neighborhood N=91
• [40/314] Neighborhood N=104
• [41/314] Neighborhood N=89
• [42/314] Neighborhood N=102
• [43/314] Neighborhood N=87
• [44/314] Neighborhood N=100
• [45/314] Neighborhood N=84
• [46/314] Neighborhood N=97
• [47/314] Neighborhood N=81
• [48/314] Neighborhood N=94
• [49/314] Neighborhood N=77
• [50/314] Neighborhood N=90
•   ground state: lambda=6.667911e-01 | gap=1.520e-01 | res=1.423e-14 | relres=1.892e-16
• [51/314] Neighborhood N=86
• [52/314] Neighborhood N=81
• [53/314] Neighborhood N=94
• [54/314] Neighborhood N=89
• [55/314] Neighborhood N=96
• [56/314] Neighborhood N=90
• [57/314] Neighborhood N=96
• [58/314] Neighborhood N=88
• [59/314] Neighborhood N=101
• [60/314] Neighborhood N=94
• [61/314] Neighborhood N=86
• [62/314] Neighborhood N=99
• [63/314] Neighborhood N=91
• [64/314] Neighborhood N=83
• [65/314] Neighborhood N=96
• [66/314] Neighborhood N=86
• [67/314] Neighborhood N=89
• [68/314] Neighborhood N=78
• [69/314] Neighborhood N=91
• [70/314] Neighborhood N=80
• [71/314] Neighborhood N=81
• [72/314] Neighborhood N=82
• [73/314] Neighborhood N=95
• [74/314] Neighborhood N=95
• [75/314] Neighborhood N=95
•   ground state: lambda=5.023534e-01 | gap=2.741e-01 | res=9.125e-15 | relres=1.552e-16
• [76/314] Neighborhood N=95
• [77/314] Neighborhood N=95
• [78/314] Neighborhood N=95
• [79/314] Neighborhood N=95
• [80/314] Neighborhood N=95
• [81/314] Neighborhood N=168
• [82/314] Neighborhood N=162
• [83/314] Neighborhood N=97
• [84/314] Neighborhood N=169
• [85/314] Neighborhood N=169
• [86/314] Neighborhood N=169
• [87/314] Neighborhood N=164
• [88/314] Neighborhood N=157
• [89/314] Neighborhood N=99
• [90/314] Neighborhood N=169
• [91/314] Neighborhood N=159
• [92/314] Neighborhood N=90
• [93/314] Neighborhood N=169
• [94/314] Neighborhood N=169
• [95/314] Neighborhood N=169
• [96/314] Neighborhood N=169
• [97/314] Neighborhood N=169
• [98/314] Neighborhood N=169
• [99/314] Neighborhood N=169
• [100/314] Neighborhood N=169
•   ground state: lambda=6.260542e-01 | gap=1.426e-01 | res=1.108e-14 | relres=4.682e-16
• [101/314] Neighborhood N=169
• [102/314] Neighborhood N=166
• [103/314] Neighborhood N=161
• [104/314] Neighborhood N=95
• [105/314] Neighborhood N=169
• [106/314] Neighborhood N=169
• [107/314] Neighborhood N=169
• [108/314] Neighborhood N=169
• [109/314] Neighborhood N=169
• [110/314] Neighborhood N=169
• [111/314] Neighborhood N=169
• [112/314] Neighborhood N=169
• [113/314] Neighborhood N=167
• [114/314] Neighborhood N=101
• [115/314] Neighborhood N=169
• [116/314] Neighborhood N=169
• [117/314] Neighborhood N=169
• [118/314] Neighborhood N=169
• [119/314] Neighborhood N=169
• [120/314] Neighborhood N=169
• [121/314] Neighborhood N=168
• [122/314] Neighborhood N=107
• [123/314] Neighborhood N=169
• [124/314] Neighborhood N=100
• [125/314] Neighborhood N=169
•   ground state: lambda=7.537630e-01 | gap=5.535e-02 | res=1.400e-14 | relres=2.455e-16
• [126/314] Neighborhood N=169
• [127/314] Neighborhood N=169
• [128/314] Neighborhood N=169
• [129/314] Neighborhood N=169
• [130/314] Neighborhood N=169
• [131/314] Neighborhood N=169
• [132/314] Neighborhood N=107
• [133/314] Neighborhood N=163
• [134/314] Neighborhood N=168
• [135/314] Neighborhood N=169
• [136/314] Neighborhood N=169
• [137/314] Neighborhood N=169
• [138/314] Neighborhood N=169
• [139/314] Neighborhood N=169
• [140/314] Neighborhood N=169
• [141/314] Neighborhood N=169
• [142/314] Neighborhood N=169
• [143/314] Neighborhood N=169
• [144/314] Neighborhood N=91
• [145/314] Neighborhood N=103
• [146/314] Neighborhood N=115
• [147/314] Neighborhood N=165
• [148/314] Neighborhood N=169
• [149/314] Neighborhood N=169
• [150/314] Neighborhood N=169
•   ground state: lambda=7.086281e-01 | gap=6.989e-02 | res=8.052e-15 | relres=3.462e-16
• [151/314] Neighborhood N=169
• [152/314] Neighborhood N=169
• [153/314] Neighborhood N=88
• [154/314] Neighborhood N=100
• [155/314] Neighborhood N=161
• [156/314] Neighborhood N=166
• [157/314] Neighborhood N=169
• [158/314] Neighborhood N=169
• [159/314] Neighborhood N=169
• [160/314] Neighborhood N=169
• [161/314] Neighborhood N=169
• [162/314] Neighborhood N=169
• [163/314] Neighborhood N=169
• [164/314] Neighborhood N=86
• [165/314] Neighborhood N=98
• [166/314] Neighborhood N=154
• [167/314] Neighborhood N=159
• [168/314] Neighborhood N=163
• [169/314] Neighborhood N=97
• [170/314] Neighborhood N=150
• [171/314] Neighborhood N=154
• [172/314] Neighborhood N=108
• [173/314] Neighborhood N=145
• [174/314] Neighborhood N=150
• [175/314] Neighborhood N=117
•   ground state: lambda=7.072435e-01 | gap=1.518e-02 | res=4.974e-15 | relres=4.698e-16
• [176/314] Neighborhood N=125
• [177/314] Neighborhood N=140
• [178/314] Neighborhood N=144
• [179/314] Neighborhood N=125
• [180/314] Neighborhood N=131
• [181/314] Neighborhood N=135
• [182/314] Neighborhood N=138
• [183/314] Neighborhood N=140
• [184/314] Neighborhood N=129
• [185/314] Neighborhood N=124
• [186/314] Neighborhood N=128
• [187/314] Neighborhood N=130
• [188/314] Neighborhood N=108
• [189/314] Neighborhood N=104
• [190/314] Neighborhood N=100
• [191/314] Neighborhood N=98
• [192/314] Neighborhood N=97
• [193/314] Neighborhood N=97
• [194/314] Neighborhood N=99
• [195/314] Neighborhood N=103
• [196/314] Neighborhood N=109
• [197/314] Neighborhood N=115
• [198/314] Neighborhood N=85
• [199/314] Neighborhood N=95
• [200/314] Neighborhood N=102
•   ground state: lambda=7.011734e-01 | gap=1.133e-02 | res=4.339e-15 | relres=3.228e-16
• [201/314] Neighborhood N=109
• [202/314] Neighborhood N=115
• [203/314] Neighborhood N=120
• [204/314] Neighborhood N=124
• [205/314] Neighborhood N=127
• [206/314] Neighborhood N=105
• [207/314] Neighborhood N=100
• [208/314] Neighborhood N=95
• [209/314] Neighborhood N=103
• [210/314] Neighborhood N=110
• [211/314] Neighborhood N=117
• [212/314] Neighborhood N=86
• [213/314] Neighborhood N=97
• [214/314] Neighborhood N=104
• [215/314] Neighborhood N=98
• [216/314] Neighborhood N=92
• [217/314] Neighborhood N=104
• [218/314] Neighborhood N=111
• [219/314] Neighborhood N=75
• [220/314] Neighborhood N=86
• [221/314] Neighborhood N=100
• [222/314] Neighborhood N=92
• [223/314] Neighborhood N=104
• [224/314] Neighborhood N=111
• [225/314] Neighborhood N=107
•   ground state: lambda=4.687793e-01 | gap=3.735e-01 | res=1.803e-14 | relres=7.317e-16
• [226/314] Neighborhood N=103
• [227/314] Neighborhood N=100
• [228/314] Neighborhood N=97
• [229/314] Neighborhood N=95
• [230/314] Neighborhood N=93
• [231/314] Neighborhood N=93
• [232/314] Neighborhood N=93
• [233/314] Neighborhood N=95
• [234/314] Neighborhood N=97
• [235/314] Neighborhood N=100
• [236/314] Neighborhood N=103
• [237/314] Neighborhood N=106
• [238/314] Neighborhood N=109
• [239/314] Neighborhood N=74
• [240/314] Neighborhood N=85
• [241/314] Neighborhood N=107
• [242/314] Neighborhood N=98
• [243/314] Neighborhood N=88
• [244/314] Neighborhood N=91
• [245/314] Neighborhood N=102
• [246/314] Neighborhood N=98
• [247/314] Neighborhood N=96
• [248/314] Neighborhood N=100
• [249/314] Neighborhood N=80
• [250/314] Neighborhood N=109
•   ground state: lambda=4.795189e-01 | gap=1.382e-01 | res=6.398e-15 | relres=5.064e-16
• [251/314] Neighborhood N=102
• [252/314] Neighborhood N=94
• [253/314] Neighborhood N=78
• [254/314] Neighborhood N=84
• [255/314] Neighborhood N=96
• [256/314] Neighborhood N=93
• [257/314] Neighborhood N=89
• [258/314] Neighborhood N=91
• [259/314] Neighborhood N=95
• [260/314] Neighborhood N=69
• [261/314] Neighborhood N=80
• [262/314] Neighborhood N=105
• [263/314] Neighborhood N=97
• [264/314] Neighborhood N=71
• [265/314] Neighborhood N=76
• [266/314] Neighborhood N=85
• [267/314] Neighborhood N=85
• [268/314] Neighborhood N=83
• [269/314] Neighborhood N=82
• [270/314] Neighborhood N=86
• [271/314] Neighborhood N=90
• [272/314] Neighborhood N=93
• [273/314] Neighborhood N=96
• [274/314] Neighborhood N=59
• [275/314] Neighborhood N=51
•   ground state: lambda=6.289344e-01 | gap=2.164e-01 | res=5.130e-15 | relres=8.621e-17
• [276/314] Neighborhood N=43
• [277/314] Neighborhood N=69
• [278/314] Neighborhood N=99
• [279/314] Neighborhood N=92
• [280/314] Neighborhood N=63
• [281/314] Neighborhood N=67
• [282/314] Neighborhood N=70
• [283/314] Neighborhood N=83
• [284/314] Neighborhood N=85
• [285/314] Neighborhood N=87
• [286/314] Neighborhood N=84
• [287/314] Neighborhood N=79
• [288/314] Neighborhood N=73
• [289/314] Neighborhood N=67
• [290/314] Neighborhood N=60
• [291/314] Neighborhood N=53
• [292/314] Neighborhood N=67
• [293/314] Neighborhood N=86
• [294/314] Neighborhood N=55
• [295/314] Neighborhood N=63
• [296/314] Neighborhood N=104
• [297/314] Neighborhood N=99
• [298/314] Neighborhood N=93
• [299/314] Neighborhood N=87
• [300/314] Neighborhood N=80
•   ground state: lambda=4.717747e-01 | gap=1.057e-01 | res=7.640e-15 | relres=5.794e-16
• [301/314] Neighborhood N=73
• [302/314] Neighborhood N=50
• [303/314] Neighborhood N=57
• [304/314] Neighborhood N=91
• [305/314] Neighborhood N=95
• [306/314] Neighborhood N=91
• [307/314] Neighborhood N=74
• [308/314] Neighborhood N=67
• [309/314] Neighborhood N=50
• [310/314] Neighborhood N=56
• [311/314] Neighborhood N=62
• [312/314] Neighborhood N=67
• [313/314] Neighborhood N=73
• [314/314] Neighborhood N=79
• Population calibration scale=4.052900e+02
• Saved ground-state metrics: /home/fedro/qse-publication-20260822/outputs/la_gloria/ground_state_metrics_grey.csv
• Saved: /home/fedro/qse-publication-20260822/outputs/la_gloria/pred_grey_localavg.csv
+ cp SOURCE_COMMIT outputs/la_gloria/SOURCE_COMMIT
+ echo 'CANONICAL RUN COMPLETE'
CANONICAL RUN COMPLETE
